// Jest Snapshot v1, https://goo.gl/fbAQLP

exports[`<Clear/> component <Clear/> renders correctly 1`] = `
.emotion-0 {
  line-height: 25px;
  margin: 0 10px;
  cursor: pointer;
}

.emotion-0:focus {
  outline: none;
}

.emotion-0:hover {
  color: tomato;
}

<div
  className="react-dropdown-select-clear emotion-0 emotion-1"
  onClick={[Function]}
  onKeyPress={[Function]}
  tabIndex="-1"
>
  Ã—
</div>
`;
