// Jest Snapshot v1, https://goo.gl/fbAQLP

exports[`<Clear/> component <Content/> renders correctly 1`] = `
.emotion-4 {
  display: -webkit-box;
  display: -webkit-flex;
  display: -ms-flexbox;
  display: flex;
  -webkit-flex: 1;
  -ms-flex: 1;
  flex: 1;
  -webkit-flex-wrap: wrap;
  -ms-flex-wrap: wrap;
  flex-wrap: wrap;
}

.emotion-0 {
  padding: 0 5px;
  border-radius: 2px;
  line-height: 21px;
  margin: 3px 0 3px 5px;
  color: #fff;
  display: -webkit-box;
  display: -webkit-flex;
  display: -ms-flexbox;
  display: flex;
  -webkit-flex-direction: row;
  -ms-flex-direction: row;
  flex-direction: row;
}

.emotion-0 .react-dropdown-select-option-remove {
  cursor: pointer;
  width: 22px;
  height: 22px;
  display: inline-block;
  text-align: center;
  margin: 0 -5px 0 0px;
  border-radius: 0 3px 3px 0;
}

.emotion-0 .react-dropdown-select-option-remove:hover {
  color: tomato;
}

.emotion-0:hover,
.emotion-0:hover > span {
  opacity: 0.9;
}

.emotion-2 {
  line-height: inherit;
  border: none;
  margin-left: 5px;
  background: transparent;
  padding: 0;
  width: calc(undefinedch + 5px);
  font-size: smaller;
  cursor: pointer;
}

.emotion-2:focus {
  outline: none;
}

<div
  className="react-dropdown-select-content react-dropdown-select-type-multi emotion-4 emotion-5"
  onClick={[Function]}
>
  <span
    className="react-dropdown-select-option emotion-0 emotion-1"
    role="listitem"
  >
    <span
      className="react-dropdown-select-option-label"
    >
      Leanne Graham
    </span>
    <span
      className="react-dropdown-select-option-remove"
      onClick={[Function]}
    >
      Ã—
    </span>
  </span>
  <input
    className="react-dropdown-select-input emotion-2 emotion-3"
    onBlur={[Function]}
    onClick={[Function]}
    onFocus={[Function]}
    onKeyPress={[Function]}
    placeholder=""
    readOnly={true}
    tabIndex="-1"
    value=""
  />
</div>
`;
