// Jest Snapshot v1, https://goo.gl/fbAQLP

exports[`<NoData/> renders correctly 1`] = `
.emotion-0 {
  padding: 10px;
  text-align: center;
}

<div
  className="react-dropdown-select-no-data emotion-0 emotion-1"
/>
`;
